{
  "data": "62dwvax7bvu7roozupwtea6i64ve7gta3safibcsdnqmdbgnyfxm7cq1qcsmyrli"
}