{
  "data": [
    "6axuabsvto5izovlsjr3t2ibmq3jjyi78o9da1mpb4xkmqg3qizzv9knme4sq2q3"
  ]
}