{
  "data": "7eidoaemmyfj0lfgn7ik43fz5u4i2ra9lnz9npywo47mfcczf3xlhen6crujjwlc"
}